


ARM Macro Assembler    Page 1 


    1 00000000         ; programming cortex_m4 to solve simple equiation
    2 00000000         ; P = Q + R + S
    3 00000000         ; where Q=10, R=20, S=15
    4 00000000         
    5 00000000 0000000A 
                       Q       EQU              10
    6 00000000 00000014 
                       R       EQU              20
    7 00000000 0000000F 
                       S       EQU              15
    8 00000000         
    9 00000000                 AREA             simp_equ,CODE,READONLY
   10 00000000                 ENTRY
   11 00000000                 EXPORT           __main
   12 00000000         
   13 00000000         __main
   14 00000000 F04F 010A       MOV              R1,#Q
   15 00000004 F04F 0214       MOV              R2,#R
   16 00000008 F04F 030F       MOV              R3,#S
   17 0000000C         
   18 0000000C EB01 0002       ADD              R0,R1,R2
   19 00000010 4418            ADD              R0,R0,R3
   20 00000012         
   21 00000012 E7FE    __stop  B                __stop
   22 00000014         
   23 00000014                 END
Command Line: --debug --xref --diag_suppress=9931 --cpu=Cortex-M4.fp.sp --apcs=
interwork --depend=.\objects\main.d -o.\objects\main.o -I.\RTE\_Cortex_M4 -IC:\
Users\Anees\AppData\Local\Arm\Packs\ARM\CMSIS\5.8.0\CMSIS\Core\Include -IC:\Use
rs\Anees\AppData\Local\Arm\Packs\Keil\STM32F4xx_DFP\2.15.0\Drivers\CMSIS\Device
\ST\STM32F4xx\Include --predefine="__EVAL SETA 1" --predefine="__MICROLIB SETA 
1" --predefine="__UVISION_VERSION SETA 534" --predefine="_RTE_ SETA 1" --predef
ine="STM32F401xC SETA 1" --predefine="_RTE_ SETA 1" --list=.\listings\main.lst 
main.s



ARM Macro Assembler    Page 1 Alphabetic symbol ordering
Relocatable symbols

__main 00000000

Symbol: __main
   Definitions
      At line 13 in file main.s
   Uses
      At line 11 in file main.s
Comment: __main used once
__stop 00000012

Symbol: __stop
   Definitions
      At line 21 in file main.s
   Uses
      At line 21 in file main.s
Comment: __stop used once
simp_equ 00000000

Symbol: simp_equ
   Definitions
      At line 9 in file main.s
   Uses
      None
Comment: simp_equ unused
3 symbols



ARM Macro Assembler    Page 1 Alphabetic symbol ordering
Absolute symbols

Q 0000000A

Symbol: Q
   Definitions
      At line 5 in file main.s
   Uses
      At line 14 in file main.s
Comment: Q used once
R 00000014

Symbol: R
   Definitions
      At line 6 in file main.s
   Uses
      At line 15 in file main.s
Comment: R used once
S 0000000F

Symbol: S
   Definitions
      At line 7 in file main.s
   Uses
      At line 16 in file main.s
Comment: S used once
3 symbols
342 symbols in table
